// Jest Snapshot v1, https://goo.gl/fbAQLP

exports[`Field renders with label and custom classname 1`] = `
<FieldDecorator
  className="c-Field test"
  isValid={
    Object {
      "valid": undefined,
    }
  }
>
  <label>
    form label
  </label>
  <input />
</FieldDecorator>
`;

exports[`Field renders with label and custom classname 2`] = `
<FieldDecorator
  className="c-Field test"
  isValid={
    Object {
      "valid": undefined,
    }
  }
>
  <label>
    form label
  </label>
  <input />
</FieldDecorator>
`;
